// Jest Snapshot v1, https://goo.gl/fbAQLP

exports[`Landing.test.js has the expected html structure 1`] = `
<div
  id="landing-page"
>
  <!---->
   
  <a
    name="about"
  />
   
  <div
    class="intro-header"
    style="padding-top: 50px;"
  >
    <div
      class="container"
    >
      <div
        class="row"
      >
        <div
          class="col-lg-12"
        >
          <div
            class="intro-logo"
          >
            <img
              class="img-fluid"
              src="~assets/logo/logo.png"
            />
          </div>
           
          <div
            class="intro-message"
          >
            <h1>
              pretrendr
            </h1>
             
            <h3>
              Analyse and Visualize your data and identify trends
            </h3>
             
            <hr
              class="intro-divider"
            />
             
            <ul
              class="list-inline intro-social-buttons"
            >
              <li>
                <a
                  class="btn btn-default btn-lg"
                  href="#register"
                >
                  Register Now
                </a>
              </li>
               
              <li>
                <a
                  class="btn btn-default btn-lg"
                  href="#login"
                >
                  Login
                </a>
              </li>
            </ul>
          </div>
        </div>
      </div>
    </div>
  </div>
   
  <a
    name="services"
  />
   
  <div
    class="content-section-a"
  >
    <div
      class="container"
    >
      <div
        class="row"
      >
        <div
          class="col-lg-5 col-sm-6"
        >
          <hr
            class="section-heading-spacer"
          />
           
          <div
            class="clearfix"
          />
           
          <h2
            class="section-heading"
          >
            Death to the Stock Photo:
            <br />
            Special Thanks
          </h2>
           
          <p
            class="lead"
          >
            A special thanks to 
            <a
              href="http://join.deathtothestockphoto.com/"
              target="_blank"
            >
              Death to the Stock Photo
            </a>
            
            for providing the photographs that you see in this template. Visit their website to become a member.
          </p>
        </div>
         
        <div
          class="col-lg-5 col-lg-offset-2 col-sm-6"
        >
          <img
            alt=""
            class="img-responsive"
            src="~assets/landing-page/ipad.png"
          />
        </div>
      </div>
    </div>
  </div>
   
  <div
    class="content-section-b"
  >
    <div
      class="container"
    >
      <div
        class="row"
      >
        <div
          class="col-lg-5 col-lg-offset-1 col-sm-push-6  col-sm-6"
        >
          <hr
            class="section-heading-spacer"
          />
           
          <div
            class="clearfix"
          />
           
          <h2
            class="section-heading"
          >
            3D Device Mockups
            <br />
            by PSDCovers
          </h2>
           
          <p
            class="lead"
          >
            
            Turn your 2D designs into high quality, 3D product shots in seconds using free Photoshop actions by 
            <a
              href="http://www.psdcovers.com/"
              target="_blank"
            >
              PSDCovers
            </a>
            ! Visit their website to download some of their awesome, free photoshop actions!
          
          </p>
        </div>
         
        <div
          class="col-lg-5 col-sm-pull-6  col-sm-6"
        >
          <img
            alt=""
            class="img-responsive"
            src="~assets/landing-page/dog.png"
          />
        </div>
      </div>
    </div>
  </div>
   
  <div
    class="content-section-a"
  >
    <div
      class="container"
    >
      <div
        class="row"
      >
        <div
          class="col-lg-5 col-sm-6"
        >
          <hr
            class="section-heading-spacer"
          />
           
          <div
            class="clearfix"
          />
           
          <h2
            class="section-heading"
          >
            Google Web Fonts and
            <br />
            Font Awesome Icons
          </h2>
           
          <p
            class="lead"
          >
            This template features the 'Lato' font, part of the 
            <a
              href="http://www.google.com/fonts"
              target="_blank"
            >
              Google Web Font library
            </a>
            , as well as 
            <a
              href="http://fontawesome.io"
              target="_blank"
            >
              icons from Font Awesome
            </a>
            .
          </p>
        </div>
         
        <div
          class="col-lg-5 col-lg-offset-2 col-sm-6"
        >
          <img
            alt=""
            class="img-responsive"
            src="~assets/landing-page/phones.png"
          />
        </div>
      </div>
    </div>
  </div>
   
  <a
    name="contact"
  />
   
  <div
    class="banner"
  >
    <div
      class="container"
    >
      <div
        class="row"
      >
        <div
          class="col-lg-6"
        >
          <h2>
            Connect to pretrendr:
          </h2>
        </div>
         
        <div
          class="col-lg-6"
        >
          <ul
            class="list-inline banner-social-buttons"
          >
            <li>
              <a
                class="btn btn-default btn-lg"
                href="https://github.com/Astarch/amos-ws18-proj3"
              >
                <i
                  class="fa fa-github fa-fw"
                />
                 
                <span
                  class="network-name"
                >
                  Github
                </span>
              </a>
            </li>
          </ul>
        </div>
      </div>
    </div>
  </div>
   
  <!---->
   
  <!---->
</div>
`;
