// Jest Snapshot v1, https://goo.gl/fbAQLP

exports[`LandingHeader.test.js has the expected html structure 1`] = `
<nav
  class="navbar navbar-default navbar-fixed-top topnav"
  role="navigation"
>
   
  <div
    class="container topnav"
  >
    <div
      class="navbar-header"
    >
      <button
        class="navbar-toggle"
        data-target="#bs-example-navbar-collapse-1"
        data-toggle="collapse"
        type="button"
      >
        <span
          class="sr-only"
        >
          Toggle navigation
        </span>
         
        <span
          class="icon-bar"
        />
         
        <span
          class="icon-bar"
        />
         
        <span
          class="icon-bar"
        />
      </button>
       
      <a
        class="navbar-brand topnav"
        href="#"
      >
        <img
          class="icon"
          src="~assets/logo/icon_primary.svg"
        />
         
        <b>
          PRETRENDR
        </b>
      </a>
    </div>
     
    <div
      class="collapse navbar-collapse"
      id="bs-example-navbar-collapse-1"
    >
      <ul
        class="nav navbar-nav navbar-right"
      >
        <li>
          <a
            href="#register"
            id="register"
          >
            Register
          </a>
        </li>
         
        <li>
          <a
            href="#login"
            id="login"
          >
            Login
          </a>
        </li>
      </ul>
    </div>
  </div>
</nav>
`;
