// Jest Snapshot v1, https://goo.gl/fbAQLP

exports[`LandingFooter.test.js has the expected html structure 1`] = `
<footer>
  <div
    class="container"
  >
    <div
      class="row"
    >
      <div
        class="col-lg-12"
      >
        <ul
          class="list-inline"
        >
          <li>
            <a
              href="#"
            >
              Home
            </a>
          </li>
           
          <li
            class="footer-menu-divider"
          >
            ⋅
          </li>
           
          <li>
            <a
              href="#about"
            >
              About
            </a>
          </li>
           
          <li
            class="footer-menu-divider"
          >
            ⋅
          </li>
           
          <li>
            <a
              href="#services"
            >
              Services
            </a>
          </li>
           
          <li
            class="footer-menu-divider"
          >
            ⋅
          </li>
           
          <li>
            <a
              href="#contact"
            >
              Contact
            </a>
          </li>
        </ul>
         
        <p
          class="copyright text-muted small"
        >
          Copyright © pretrendr 2017. All Rights Reserved
        </p>
      </div>
    </div>
  </div>
</footer>
`;
